Microsoft (R) Macro Assembler Version 14.00.23506.0	    03/27/16 11:07:14
Integer Expression Calculatio				     Page 1 - 1


				TITLE Integer Expression Calculation

				;// A = (A + B) - (C + D)
				;// Assign integer values to eax, ebx, ecx, edx


				.386
				.model flat, stdcall
				.stack 4096
				ExitProcess proto, dwExitCode:dword

 00000000			.code
 00000000			main proc
 00000000  B8 00000004			mov	eax, 4
 00000005  BB 00000003			mov ebx, 3
 0000000A  B9 00000002			mov ecx, 2
 0000000F  BA 00000001			mov edx, 1

 00000014  03 D8			add ebx, eax	;//Add value in eax to ebx
 00000016  03 CA			add ecx, edx	;//Add value in ecx to edx

 00000018  2B D9			sub ebx, ecx	;//Subtract the values in ebx to ecx

 0000001A  8B C3			mov eax, ebx	;//Move result from ebx to eax


					invoke ExitProcess, 0
 0000001C  6A 00	   *	    push   +000000000h
 0000001E  E8 00000000 E   *	    call   ExitProcess
 00000023			main endp
				end main
Microsoft (R) Macro Assembler Version 14.00.23506.0	    03/27/16 11:07:14
Integer Expression Calculatio				     Symbols 2 - 1




Segments and Groups:

                N a m e                 Size     Length   Align   Combine Class

FLAT . . . . . . . . . . . . . .	GROUP
STACK  . . . . . . . . . . . . .	32 Bit	 00001000 DWord	  Stack	  'STACK'	 
_DATA  . . . . . . . . . . . . .	32 Bit	 00000000 DWord	  Public  'DATA'	
_TEXT  . . . . . . . . . . . . .	32 Bit	 00000023 DWord	  Public  'CODE'	


Procedures, parameters, and locals:

                N a m e                 Type     Value    Attr

ExitProcess  . . . . . . . . . .	P Near	 00000000 FLAT	Length= 00000000 External STDCALL
main . . . . . . . . . . . . . .	P Near	 00000000 _TEXT	Length= 00000023 Public STDCALL


Symbols:

                N a m e                 Type     Value    Attr

@CodeSize  . . . . . . . . . . .	Number	 00000000h   
@DataSize  . . . . . . . . . . .	Number	 00000000h   
@Interface . . . . . . . . . . .	Number	 00000003h   
@Model . . . . . . . . . . . . .	Number	 00000007h   
@code  . . . . . . . . . . . . .	Text   	 _TEXT
@data  . . . . . . . . . . . . .	Text   	 FLAT
@fardata?  . . . . . . . . . . .	Text   	 FLAT
@fardata . . . . . . . . . . . .	Text   	 FLAT
@stack . . . . . . . . . . . . .	Text   	 FLAT

	   0 Warnings
	   0 Errors
